// Vitest Snapshot v1, https://vitest.dev/guide/snapshot.html

exports[`WorldBuildingPage > DOMスナップショットの例 1`] = `
"
      <div class="world-building-page">
        <h1>世界観設定</h1>
        <div class="setting-section">
          <h2>基本設定</h2>
          <p>ファンタジー世界を舞台にした物語</p>
        </div>
        <div class="rules-section">
          <h2>世界のルール</h2>
          <ul>
            <li>魔法が存在し、特定の才能を持った者だけが使える</li>
            <li>複数の種族が共存している</li>
          </ul>
        </div>
        <div class="places-section">
          <h2>重要な場所</h2>
          <div class="place-card">
            <h3>アルカディア王国</h3>
            <p>物語の主要な舞台となる中央の王国</p>
          </div>
        </div>
      </div>
    "
`;
